1426470524.000000 ccnd[2831]: 63005 ____________________ Mon Mar 16 09:48:44 2015
1426470524.827386 ffff0000.ccnd[2831]: CCND_DEBUG=-1 CCND_CAP=2147483647
1426470524.827615 ffff0000.ccnd[2831]: listening on /tmp/.ccnd.sock.63005
1426470524.827651 ffff0000.ccnd[2831]: accepting ipv4 datagrams on fd 4 rcvbuf 212992
1426470524.827674 ffff0000.ccnd[2831]: accepting ipv4 connections on fd 5
1426470524.827694 ffff0000.ccnd[2831]: accepting ipv6 datagrams on fd 6 rcvbuf 212992
1426470524.827713 ffff0000.ccnd[2831]: accepting ipv6 connections on fd 7
1426470524.836220 ffff0000.ccnd[2831]: debug.2659 prefix,ff=3 0 ccnx:/ccnx/ping (16 bytes)
1426470524.836336 ffff0000.ccnd[2831]: debug.2659 prefix,ff=3 0 ccnx:/%C1.M.S.localhost/%C1.M.SRV/ccnd (37 bytes)
1426470524.836347 ffff0000.ccnd[2831]: debug.2659 prefix,ff=3 0 ccnx:/%C1.M.S.neighborhood (24 bytes)
1426470524.836359 ffff0000.ccnd[2831]: debug.2659 prefix,ff=3 0 ccnx:/%C1.M.S.neighborhood/guest (32 bytes)
1426470524.836368 ffff0000.ccnd[2831]: debug.2659 prefix,ff=3 0 ccnx:/%C1.M.FACE (13 bytes)
1426470524.836387 ffff0000.ccnd[2831]: debug.2659 prefix,ff=0x17 0 ccnx:/ccnx/%BFm=80EC5EC8ABCC0B4EC7437EB4CB157FC3F0962DA36DA257A687E6E476EA0A (45 bytes)
1426470524.836397 ffff0000.ccnd[2831]: debug.2659 prefix,ff=0x23 0 ccnx:/%C1.M.S.localhost (20 bytes)
1426470525.810403 ffff03d6.ccnd[2831]: accepted client fd=8 id=6
1426470525.810673 ffff03d7.ccnd[2831]: shutdown client fd=8 id=6
1426470525.810736 ffff03d7.ccnd[2831]: recycling face id 6 (slot 6)
1426470525.812840 ffff03d9.ccnd[2831]: accepted client fd=8 id=6
1426470525.812910 ffff03d9.ccnd[2831]: accepted client fd=9 id=7
1426470525.814204 ffff03da.ccnd[2831]: accepted client fd=10 id=8
1426470525.822995 ffff03e3.ccnd[2831]: accepted client fd=11 id=9
1426470525.829238 ffff03e9.ccnd[2831]: debug.4503 interest_from 9 ccnx:/%C1.M.S.localhost/%C1.M.SRV/ccnd/KEY (46 bytes,sim=DC5B4561)
1426470525.829250 ffff03e9.ccnd[2831]: version: 20090701, etc: 0 bytes
1426470525.829259 ffff03e9.ccnd[2831]: fwd.3462 adding 0
1426470525.829264 ffff03e9.ccnd[2831]: fwd.3462 adding 0
1426470525.829276 ffff03e9.ccnd[2831]: fwd.3462 adding 0
1426470525.829283 ffff03e9.ccnd[2831]: fwd.3462 adding 0
1426470525.829288 ffff03e9.ccnd[2831]: outbound.3547 adding 0
1426470525.829302 ffff03e9.ccnd[2831]: ie_next_usec.3579 now+4000 i=1 f=300c 9  BF6D80-0B0F-0009-7DD4-03B8A1
1426470525.829309 ffff03e9.ccnd[2831]: ie_next_usec.3579 now+4 i=1 f=0500 0  000000-0000-0000-0000-000000
1426470525.829316 ffff03e9.ccnd[2831]: ie_next_usec.3596 expiry=ffff03ed
1426470525.829319 ffff03e9.ccnd[2831]: ie_next_usec.3600 4000 usec
1426470525.833494 ffff03ee.ccnd[2831]: debug.3647 interest_to 0 ccnx:/%C1.M.S.localhost/%C1.M.SRV/ccnd/KEY (62 bytes,i=1,sim=DC5B4561) BF6D80-0B0F-0009-7DD4-03B8A1
1426470525.000000 ccnd[2831]: 63005 ____________________ Mon Mar 16 09:48:45 2015
1426470525.833547 ffff03ee.ccnd[2831]: debug.1008 ccnd_answer_req ccnx:/%C1.M.S.localhost/%C1.M.SRV/ccnd/KEY (62 bytes,i=1,sim=DC5B4561) BF6D80-0B0F-0009-7DD4-03B8A1
1426470525.834677 ffff03ef.ccnd[2831]: debug.4920 content_from 0 ccnx:/%C1.M.S.localhost/%C1.M.SRV/ccnd/KEY/%C1.M.K=00BF6D80EC5EC8ABCC0B4EC7437EB4CB157FC3F0962DA36DA257A687E6E476EA0A/=FD05506367CD3D/=00/=7F25979B5C88A3AB1A1DBAC92F70302022F3ADC3921903B8D97EF10BF749FC88 (575 bytes)
1426470525.834705 ffff03ef.ccnd[2831]: face 9 q 0 delay 3 usec
1426470525.834715 ffff03ef.ccnd[2831]: fwd.3462 adding 0
1426470525.834720 ffff03ef.ccnd[2831]: fwd.3462 adding 0
1426470525.834750 ffff03ef.ccnd[2831]: debug.1769 content_to 9 ccnx:/%C1.M.S.localhost/%C1.M.SRV/ccnd/KEY/%C1.M.K=00BF6D80EC5EC8ABCC0B4EC7437EB4CB157FC3F0962DA36DA257A687E6E476EA0A/=FD05506367CD3D/=00/=7F25979B5C88A3AB1A1DBAC92F70302022F3ADC3921903B8D97EF10BF749FC88 (575 bytes)
1426470525.835551 ffff03f0.ccnd[2831]: debug.4503 interest_from 9 ccnx:/ccnx/%BFm=80EC5EC8ABCC0B4EC7437EB4CB157FC3F0962DA36DA257A687E6E476EA0A/selfreg/=048202AA03B208852BAB2726D1BD1F99AE54736177280A655F10513602EFB2894B83A31B807294D8FFD47A886A94B1AB2A91D99375A1C29E09C6D55B8EF88E44478B0E7C955638966C9012B3DE085EB39E8E901F74F15CC624D54FDF174DF63E827E538B3DA324753C44F6C7147332DD3D0623E97F915139FBA16E5EB6BDA5AACF2CB159D751B4420000F20001A203E202854BB082A16E5382FBAAA09FBE303E24E042E37E88C290E054292521DECA2365230002BAB505506367DD5C0001E201DA0A9530819F300D06092A864886F70D010101050003818D0030818902818100A702D276014B14A27C675E923EC45F514A161CF7A67D44CCAB2AED6AA1A5DFC541AF7FE80884086C0E93BE5A98D09EEDCBA4B9122F7F9AB4C9DDA0EE784492E2FBF21DEB0DCE987758A01F9F74528C37E5BBB89AF14AA7F907715243E9A0E956BA3FCAD7A7C4E17E6494B1840A2AA9F08F5B0699AD40B798725C2993B08EDE270203010001000000019A04AD058A04CABE73656C6672656700F2FAC5616E737765726564000003E20285BF6D80EC5EC8ABCC0B4EC7437EB4CB157FC3F0962DA36DA257A687E6E476EA0A0004FA8E3300000000 (497 bytes,sim=374BF191)
1426470525.835581 ffff03f0.ccnd[2831]: version: 20090701, etc: 0 bytes
1426470525.835594 ffff03f0.ccnd[2831]: fwd.3462 adding 0
1426470525.835632 ffff03f0.ccnd[2831]: debug.4554 first_candidate ccnx:/%C1.M.S.localhost/%C1.M.SRV/ccnd/KEY/%C1.M.K=00BF6D80EC5EC8ABCC0B4EC7437EB4CB157FC3F0962DA36DA257A687E6E476EA0A/=FD05506367CD3D/=00/=7F25979B5C88A3AB1A1DBAC92F70302022F3ADC3921903B8D97EF10BF749FC88 (575 bytes)
1426470525.835731 ffff03f0.ccnd[2831]: debug.4559 prefix_mismatch ccnx:/ccnx/%BFm=80EC5EC8ABCC0B4EC7437EB4CB157FC3F0962DA36DA257A687E6E476EA0A/selfreg/=048202AA03B208852BAB2726D1BD1F99AE54736177280A655F10513602EFB2894B83A31B807294D8FFD47A886A94B1AB2A91D99375A1C29E09C6D55B8EF88E44478B0E7C955638966C9012B3DE085EB39E8E901F74F15CC624D54FDF174DF63E827E538B3DA324753C44F6C7147332DD3D0623E97F915139FBA16E5EB6BDA5AACF2CB159D751B4420000F20001A203E202854BB082A16E5382FBAAA09FBE303E24E042E37E88C290E054292521DECA2365230002BAB505506367DD5C0001E201DA0A9530819F300D06092A864886F70D010101050003818D0030818902818100A702D276014B14A27C675E923EC45F514A161CF7A67D44CCAB2AED6AA1A5DFC541AF7FE80884086C0E93BE5A98D09EEDCBA4B9122F7F9AB4C9DDA0EE784492E2FBF21DEB0DCE987758A01F9F74528C37E5BBB89AF14AA7F907715243E9A0E956BA3FCAD7A7C4E17E6494B1840A2AA9F08F5B0699AD40B798725C2993B08EDE270203010001000000019A04AD058A04CABE73656C6672656700F2FAC5616E737765726564000003E20285BF6D80EC5EC8ABCC0B4EC7437EB4CB157FC3F0962DA36DA257A687E6E476EA0A0004FA8E3300000000 (497 bytes,sim=374BF191)
1426470525.835744 ffff03f0.ccnd[2831]: fwd.3462 adding 0
1426470525.835749 ffff03f0.ccnd[2831]: outbound.3547 adding 0
1426470525.835758 ffff03f0.ccnd[2831]: ie_next_usec.3579 now+4000 i=2 f=300c 9  BF6D80-0B0F-0009-7DD5-FABEEB
1426470525.835767 ffff03f0.ccnd[2831]: ie_next_usec.3579 now+4 i=2 f=0500 0  000000-0000-0000-0000-000000
1426470525.835774 ffff03f0.ccnd[2831]: ie_next_usec.3596 expiry=ffff03f4
1426470525.835779 ffff03f0.ccnd[2831]: ie_next_usec.3600 4000 usec
1426470525.840025 ffff03f4.ccnd[2831]: debug.3647 interest_to 0 ccnx:/ccnx/%BFm=80EC5EC8ABCC0B4EC7437EB4CB157FC3F0962DA36DA257A687E6E476EA0A/selfreg/=048202AA03B208852BAB2726D1BD1F99AE54736177280A655F10513602EFB2894B83A31B807294D8FFD47A886A94B1AB2A91D99375A1C29E09C6D55B8EF88E44478B0E7C955638966C9012B3DE085EB39E8E901F74F15CC624D54FDF174DF63E827E538B3DA324753C44F6C7147332DD3D0623E97F915139FBA16E5EB6BDA5AACF2CB159D751B4420000F20001A203E202854BB082A16E5382FBAAA09FBE303E24E042E37E88C290E054292521DECA2365230002BAB505506367DD5C0001E201DA0A9530819F300D06092A864886F70D010101050003818D0030818902818100A702D276014B14A27C675E923EC45F514A161CF7A67D44CCAB2AED6AA1A5DFC541AF7FE80884086C0E93BE5A98D09EEDCBA4B9122F7F9AB4C9DDA0EE784492E2FBF21DEB0DCE987758A01F9F74528C37E5BBB89AF14AA7F907715243E9A0E956BA3FCAD7A7C4E17E6494B1840A2AA9F08F5B0699AD40B798725C2993B08EDE270203010001000000019A04AD058A04CABE73656C6672656700F2FAC5616E737765726564000003E20285BF6D80EC5EC8ABCC0B4EC7437EB4CB157FC3F0962DA36DA257A687E6E476EA0A0004FA8E3300000000 (513 bytes,i=2,sim=374BF191) BF6D80-0B0F-0009-7DD5-FABEEB
1426470525.840158 ffff03f4.ccnd[2831]: debug.1008 ccnd_answer_req ccnx:/ccnx/%BFm=80EC5EC8ABCC0B4EC7437EB4CB157FC3F0962DA36DA257A687E6E476EA0A/selfreg/=048202AA03B208852BAB2726D1BD1F99AE54736177280A655F10513602EFB2894B83A31B807294D8FFD47A886A94B1AB2A91D99375A1C29E09C6D55B8EF88E44478B0E7C955638966C9012B3DE085EB39E8E901F74F15CC624D54FDF174DF63E827E538B3DA324753C44F6C7147332DD3D0623E97F915139FBA16E5EB6BDA5AACF2CB159D751B4420000F20001A203E202854BB082A16E5382FBAAA09FBE303E24E042E37E88C290E054292521DECA2365230002BAB505506367DD5C0001E201DA0A9530819F300D06092A864886F70D010101050003818D0030818902818100A702D276014B14A27C675E923EC45F514A161CF7A67D44CCAB2AED6AA1A5DFC541AF7FE80884086C0E93BE5A98D09EEDCBA4B9122F7F9AB4C9DDA0EE784492E2FBF21DEB0DCE987758A01F9F74528C37E5BBB89AF14AA7F907715243E9A0E956BA3FCAD7A7C4E17E6494B1840A2AA9F08F5B0699AD40B798725C2993B08EDE270203010001000000019A04AD058A04CABE73656C6672656700F2FAC5616E737765726564000003E20285BF6D80EC5EC8ABCC0B4EC7437EB4CB157FC3F0962DA36DA257A687E6E476EA0A0004FA8E3300000000 (513 bytes,i=2,sim=374BF191) BF6D80-0B0F-0009-7DD5-FABEEB
1426470525.840319 ffff03f4.ccnd[2831]: debug.2659 prefix,ff=3 9 ccnx:/answered (13 bytes)
1426470525.840862 ffff03f4.ccnd[2831]: debug.1219 ccnd_answer_req_response ccnx:/ccnx/%BFm=80EC5EC8ABCC0B4EC7437EB4CB157FC3F0962DA36DA257A687E6E476EA0A/selfreg/=048202AA03B208852BAB2726D1BD1F99AE54736177280A655F10513602EFB2894B83A31B807294D8FFD47A886A94B1AB2A91D99375A1C29E09C6D55B8EF88E44478B0E7C955638966C9012B3DE085EB39E8E901F74F15CC624D54FDF174DF63E827E538B3DA324753C44F6C7147332DD3D0623E97F915139FBA16E5EB6BDA5AACF2CB159D751B4420000F20001A203E202854BB082A16E5382FBAAA09FBE303E24E042E37E88C290E054292521DECA2365230002BAB505506367DD5C0001E201DA0A9530819F300D06092A864886F70D010101050003818D0030818902818100A702D276014B14A27C675E923EC45F514A161CF7A67D44CCAB2AED6AA1A5DFC541AF7FE80884086C0E93BE5A98D09EEDCBA4B9122F7F9AB4C9DDA0EE784492E2FBF21DEB0DCE987758A01F9F74528C37E5BBB89AF14AA7F907715243E9A0E956BA3FCAD7A7C4E17E6494B1840A2AA9F08F5B0699AD40B798725C2993B08EDE270203010001000000019A04AD058A04CABE73656C6672656700F2FAC5616E737765726564000003E20285BF6D80EC5EC8ABCC0B4EC7437EB4CB157FC3F0962DA36DA257A687E6E476EA0A0004FA8E3300000000 (941 bytes)
1426470525.840998 ffff03f5.ccnd[2831]: debug.4920 content_from 0 ccnx:/ccnx/%BFm=80EC5EC8ABCC0B4EC7437EB4CB157FC3F0962DA36DA257A687E6E476EA0A/selfreg/=048202AA03B208852BAB2726D1BD1F99AE54736177280A655F10513602EFB2894B83A31B807294D8FFD47A886A94B1AB2A91D99375A1C29E09C6D55B8EF88E44478B0E7C955638966C9012B3DE085EB39E8E901F74F15CC624D54FDF174DF63E827E538B3DA324753C44F6C7147332DD3D0623E97F915139FBA16E5EB6BDA5AACF2CB159D751B4420000F20001A203E202854BB082A16E5382FBAAA09FBE303E24E042E37E88C290E054292521DECA2365230002BAB505506367DD5C0001E201DA0A9530819F300D06092A864886F70D010101050003818D0030818902818100A702D276014B14A27C675E923EC45F514A161CF7A67D44CCAB2AED6AA1A5DFC541AF7FE80884086C0E93BE5A98D09EEDCBA4B9122F7F9AB4C9DDA0EE784492E2FBF21DEB0DCE987758A01F9F74528C37E5BBB89AF14AA7F907715243E9A0E956BA3FCAD7A7C4E17E6494B1840A2AA9F08F5B0699AD40B798725C2993B08EDE270203010001000000019A04AD058A04CABE73656C6672656700F2FAC5616E737765726564000003E20285BF6D80EC5EC8ABCC0B4EC7437EB4CB157FC3F0962DA36DA257A687E6E476EA0A0004FA8E3300000000/=94E15A068C5E1F04C41B57EC7927FA6C3DFEAEA856B027B5E2D1A3E444938D3B (941 bytes)
1426470525.841016 ffff03f5.ccnd[2831]: fwd.3462 adding 0
1426470525.841028 ffff03f5.ccnd[2831]: face 9 q 0 delay 3 usec
1426470525.841039 ffff03f5.ccnd[2831]: fwd.3462 adding 0
1426470525.841044 ffff03f5.ccnd[2831]: fwd.3462 adding 0
1426470525.841151 ffff03f5.ccnd[2831]: debug.1769 content_to 9 ccnx:/ccnx/%BFm=80EC5EC8ABCC0B4EC7437EB4CB157FC3F0962DA36DA257A687E6E476EA0A/selfreg/=048202AA03B208852BAB2726D1BD1F99AE54736177280A655F10513602EFB2894B83A31B807294D8FFD47A886A94B1AB2A91D99375A1C29E09C6D55B8EF88E44478B0E7C955638966C9012B3DE085EB39E8E901F74F15CC624D54FDF174DF63E827E538B3DA324753C44F6C7147332DD3D0623E97F915139FBA16E5EB6BDA5AACF2CB159D751B4420000F20001A203E202854BB082A16E5382FBAAA09FBE303E24E042E37E88C290E054292521DECA2365230002BAB505506367DD5C0001E201DA0A9530819F300D06092A864886F70D010101050003818D0030818902818100A702D276014B14A27C675E923EC45F514A161CF7A67D44CCAB2AED6AA1A5DFC541AF7FE80884086C0E93BE5A98D09EEDCBA4B9122F7F9AB4C9DDA0EE784492E2FBF21DEB0DCE987758A01F9F74528C37E5BBB89AF14AA7F907715243E9A0E956BA3FCAD7A7C4E17E6494B1840A2AA9F08F5B0699AD40B798725C2993B08EDE270203010001000000019A04AD058A04CABE73656C6672656700F2FAC5616E737765726564000003E20285BF6D80EC5EC8ABCC0B4EC7437EB4CB157FC3F0962DA36DA257A687E6E476EA0A0004FA8E3300000000/=94E15A068C5E1F04C41B57EC7927FA6C3DFEAEA856B027B5E2D1A3E444938D3B (941 bytes)
1426470525.913199 ffff043d.ccnd[2831]: debug.4503 interest_from 7 ccnx:/answered/test/TISke5fBczTpJlHDkcQ (46 bytes,sim=A858FC56)
1426470525.913217 ffff043d.ccnd[2831]: version: 20090701, etc: 0 bytes
1426470525.913228 ffff043d.ccnd[2831]: fwd.3462 adding 9
1426470525.913266 ffff043d.ccnd[2831]: debug.4554 first_candidate ccnx:/%C1.M.S.localhost/%C1.M.SRV/ccnd/KEY/%C1.M.K=00BF6D80EC5EC8ABCC0B4EC7437EB4CB157FC3F0962DA36DA257A687E6E476EA0A/=FD05506367CD3D/=00/=7F25979B5C88A3AB1A1DBAC92F70302022F3ADC3921903B8D97EF10BF749FC88 (575 bytes)
1426470525.913280 ffff043d.ccnd[2831]: debug.4559 prefix_mismatch ccnx:/answered/test/TISke5fBczTpJlHDkcQ (46 bytes,sim=A858FC56)
1426470525.913289 ffff043d.ccnd[2831]: fwd.3462 adding 9
1426470525.913295 ffff043d.ccnd[2831]: outbound.3547 adding 9
1426470525.913303 ffff043d.ccnd[2831]: ie_next_usec.3579 now+4000 i=3 f=300c 7  BF6D80-0B0F-0007-7DE9-2859A1
1426470525.913312 ffff043d.ccnd[2831]: ie_next_usec.3579 now+4 i=3 f=0500 9  000000-0000-0000-0000-000000
1426470525.913321 ffff043d.ccnd[2831]: ie_next_usec.3596 expiry=ffff0441
1426470525.913325 ffff043d.ccnd[2831]: ie_next_usec.3600 4000 usec
1426470525.913356 ffff043d.ccnd[2831]: debug.4503 interest_from 6 ccnx:/answered/test/TISke5fBczTpJlHDkcQ (46 bytes,i=3,sim=A858FC56)
1426470525.913363 ffff043d.ccnd[2831]: outbound.3547 adding 9
1426470525.913370 ffff043d.ccnd[2831]: ie_next_usec.3579 now+4000 i=3 f=300c 7  BF6D80-0B0F-0007-7DE9-2859A1
1426470525.913378 ffff043d.ccnd[2831]: ie_next_usec.3579 now+0 i=3 f=0500 9  000000-0000-0000-0000-000000
1426470525.913385 ffff043d.ccnd[2831]: ie_next_usec.3579 now+4000 i=3 f=300c 6  BF6D80-0B0F-0006-7DE9-C9144A
1426470525.913393 ffff043d.ccnd[2831]: ie_next_usec.3596 expiry=ffff043d
1426470525.913397 ffff043d.ccnd[2831]: ie_next_usec.3600 0 usec
1426470525.913419 ffff043e.ccnd[2831]: debug.3647 interest_to 9 ccnx:/answered/test/TISke5fBczTpJlHDkcQ (62 bytes,i=3,sim=A858FC56) BF6D80-0B0F-0007-7DE9-2859A1
1426470525.914566 ffff043f.ccnd[2831]: debug.4503 interest_from 8 ccnx:/answered/test/TISke5fBczTpJlHDkcQ (46 bytes,i=3,sim=A858FC56)
1426470525.914588 ffff043f.ccnd[2831]: outbound.3547 adding 9
1426470525.914598 ffff043f.ccnd[2831]: ie_next_usec.3579 now+3998 i=3 f=300c 7  BF6D80-0B0F-0007-7DE9-2859A1
1426470525.914607 ffff043f.ccnd[2831]: ie_next_usec.3579 now+3999 i=3 f=030c 9  BF6D80-0B0F-0007-7DE9-2859A1
1426470525.914615 ffff043f.ccnd[2831]: ie_next_usec.3579 now+3998 i=3 f=300c 6  BF6D80-0B0F-0006-7DE9-C9144A
1426470525.914622 ffff043f.ccnd[2831]: ie_next_usec.3579 now+4000 i=3 f=300c 8  BF6D80-0B0F-0008-7DEA-E1BEB6
1426470525.914629 ffff043f.ccnd[2831]: ie_next_usec.3596 expiry=ffff13dd
1426470525.914634 ffff043f.ccnd[2831]: ie_next_usec.3600 3998000 usec
1426470526.000000 ccnd[2831]: 63005 ____________________ Mon Mar 16 09:48:46 2015
1426470526.829890 ffff07d2.ccnd[2831]: accepted client fd=12 id=10
1426470526.830498 ffff07d3.ccnd[2831]: shutdown client fd=12 id=10
1426470526.830534 ffff07d3.ccnd[2831]: recycling face id 10 (slot 10)
1426470526.845863 ffff07e2.ccnd[2831]: accepted client fd=12 id=10
1426470526.849659 ffff07e6.ccnd[2831]: debug.4920 content_from 10 ccnx:/answered/test/TISke5fBczTpJlHDkcQ/=829D6A39EF782952FF04154EEF2B74A31EED319647658D9F4064B7452B8829C1 (431 bytes)
1426470526.849684 ffff07e6.ccnd[2831]: face 7 q 0 delay 3 usec
1426470526.849693 ffff07e6.ccnd[2831]: face 6 q 0 delay 3 usec
1426470526.849699 ffff07e6.ccnd[2831]: face 8 q 0 delay 3 usec
1426470526.849707 ffff07e6.ccnd[2831]: fwd.3462 adding 9
1426470526.849750 ffff07e6.ccnd[2831]: debug.1769 content_to 7 ccnx:/answered/test/TISke5fBczTpJlHDkcQ/=829D6A39EF782952FF04154EEF2B74A31EED319647658D9F4064B7452B8829C1 (431 bytes)
1426470526.849777 ffff07e6.ccnd[2831]: debug.1769 content_to 6 ccnx:/answered/test/TISke5fBczTpJlHDkcQ/=829D6A39EF782952FF04154EEF2B74A31EED319647658D9F4064B7452B8829C1 (431 bytes)
1426470526.849803 ffff07e6.ccnd[2831]: debug.1769 content_to 8 ccnx:/answered/test/TISke5fBczTpJlHDkcQ/=829D6A39EF782952FF04154EEF2B74A31EED319647658D9F4064B7452B8829C1 (431 bytes)
1426470526.849967 ffff07e6.ccnd[2831]: shutdown client fd=9 id=7
1426470526.849979 ffff07e6.ccnd[2831]: releasing face id 7 (slot 7)
1426470526.849997 ffff07e6.ccnd[2831]: shutdown client fd=10 id=8
1426470526.850003 ffff07e6.ccnd[2831]: releasing face id 8 (slot 8)
1426470526.850017 ffff07e6.ccnd[2831]: shutdown client fd=12 id=10
1426470526.850023 ffff07e6.ccnd[2831]: releasing face id 10 (slot 10)
1426470526.850058 ffff07e6.ccnd[2831]: shutdown client fd=8 id=6
1426470526.850075 ffff07e6.ccnd[2831]: releasing face id 6 (slot 6)
1426470527.856009 ffff0bd4.ccnd[2831]: accepted client fd=8 id=11
1426470527.858401 ffff0bd6.ccnd[2831]: accepted client fd=9 id=12
1426470527.858460 ffff0bd6.ccnd[2831]: stopping (/tmp/.ccnd.sock.63005 gone)
1426470527.858472 ffff0bd6.ccnd[2831]: exiting.
1426470527.858502 ffff0bd6.ccnd[2831]: closing fd 3 while finalizing face 1
1426470527.858516 ffff0bd6.ccnd[2831]: releasing face id 1 (slot 1)
1426470527.858540 ffff0bd6.ccnd[2831]: closing fd 5 while finalizing face 3
1426470527.858553 ffff0bd6.ccnd[2831]: releasing face id 3 (slot 3)
1426470527.858574 ffff0bd6.ccnd[2831]: closing fd 7 while finalizing face 5
1426470527.858585 ffff0bd6.ccnd[2831]: releasing face id 5 (slot 5)
1426470527.858606 ffff0bd6.ccnd[2831]: closing fd 4 while finalizing face 2
1426470527.858617 ffff0bd6.ccnd[2831]: releasing face id 2 (slot 2)
1426470527.000000 ccnd[2831]: 63005 ____________________ Mon Mar 16 09:48:47 2015
1426470527.858636 ffff0bd6.ccnd[2831]: closing fd 6 while finalizing face 4
1426470527.858679 ffff0bd6.ccnd[2831]: releasing face id 4 (slot 4)
1426470527.858794 ffff0bd6.ccnd[2831]: closing fd 8 while finalizing face 11
1426470527.858809 ffff0bd6.ccnd[2831]: releasing face id 11 (slot 11)
1426470527.858862 ffff0bd6.ccnd[2831]: closing fd 11 while finalizing face 9
1426470527.858884 ffff0bd6.ccnd[2831]: releasing face id 9 (slot 9)
1426470527.858945 ffff0bd6.ccnd[2831]: closing fd 9 while finalizing face 12
1426470527.858969 ffff0bd6.ccnd[2831]: recycling face id 12 (slot 12)
