1426470544.353935 ccnd[3317]: CCND_DEBUG=7 CCND_CAP=2147483647
1426470544.354078 ccnd[3317]: listening on /tmp/.ccnd.sock.63003
1426470544.354114 ccnd[3317]: accepting ipv4 datagrams on fd 4 rcvbuf 212992
1426470544.354132 ccnd[3317]: accepting ipv4 connections on fd 5
1426470544.354151 ccnd[3317]: accepting ipv6 datagrams on fd 6 rcvbuf 212992
1426470544.354168 ccnd[3317]: accepting ipv6 connections on fd 7
1426470544.369403 ccnd[3317]: debug.2659 prefix,ff=3 0 ccnx:/ccnx/ping (16 bytes)
1426470544.369536 ccnd[3317]: debug.2659 prefix,ff=3 0 ccnx:/%C1.M.S.localhost/%C1.M.SRV/ccnd (37 bytes)
1426470544.369549 ccnd[3317]: debug.2659 prefix,ff=3 0 ccnx:/%C1.M.S.neighborhood (24 bytes)
1426470544.369562 ccnd[3317]: debug.2659 prefix,ff=3 0 ccnx:/%C1.M.S.neighborhood/guest (32 bytes)
1426470544.369572 ccnd[3317]: debug.2659 prefix,ff=3 0 ccnx:/%C1.M.FACE (13 bytes)
1426470544.369593 ccnd[3317]: debug.2659 prefix,ff=0x17 0 ccnx:/ccnx/=82157FE8E7A409464652414E2A25634FDF3ED417EAB0075B2D7FDD89C763C679 (45 bytes)
1426470544.369602 ccnd[3317]: debug.2659 prefix,ff=0x23 0 ccnx:/%C1.M.S.localhost (20 bytes)
1426470544.369628 ccnd[3317]: accepted client fd=8 id=6
1426470544.369661 ccnd[3317]: shutdown client fd=8 id=6
1426470544.369667 ccnd[3317]: recycling face id 6 (slot 6)
1426470544.450274 ccnd[3317]: accepted client fd=8 id=6
1426470544.450358 ccnd[3317]: debug.4503 interest_from 6 ccnx:/%C1.M.S.localhost/%C1.M.SRV/ccnd/KEY (46 bytes,sim=DC5B4561)
1426470544.454602 ccnd[3317]: debug.3647 interest_to 0 ccnx:/%C1.M.S.localhost/%C1.M.SRV/ccnd/KEY (62 bytes,i=1,sim=DC5B4561) 82157F-0CF5-0006-9073-1F041A
1426470544.456202 ccnd[3317]: debug.4920 content_from 0 ccnx:/%C1.M.S.localhost/%C1.M.SRV/ccnd/KEY/%C1.M.K=0082157FE8E7A409464652414E2A25634FDF3ED417EAB0075B2D7FDD89C763C679/=FD0550636905AA/=00/1=B5CC164D5EEA60AFCDD11AE0D9707B17D9D1FA4DA1D04AE38FEBA2012E1BDA (575 bytes)
1426470544.456279 ccnd[3317]: debug.1769 content_to 6 ccnx:/%C1.M.S.localhost/%C1.M.SRV/ccnd/KEY/%C1.M.K=0082157FE8E7A409464652414E2A25634FDF3ED417EAB0075B2D7FDD89C763C679/=FD0550636905AA/=00/1=B5CC164D5EEA60AFCDD11AE0D9707B17D9D1FA4DA1D04AE38FEBA2012E1BDA (575 bytes)
1426470544.463667 ccnd[3317]: debug.4503 interest_from 6 ccnx:/ccnx/=82157FE8E7A409464652414E2A25634FDF3ED417EAB0075B2D7FDD89C763C679/newface/=048202AA03B2088531E00E5E17E8E2CD2473F780C8D75A03F8347CDB70B51FA98C3DF66DF484F18F7A23C20AF159D0488AF421A83AEE32C9184D5120CF656AB34757201E9ECCA18309B33011997011A7CD0B46716A76A377F3C7A9AABBD7FF004ECD03B9FDA4F71BEA2C6E891F7C1E081F45D5F2354795E64200C0A039947722C8891B4B74294A710000F20001A203E202854BB082A16E5382FBAAA09FBE303E24E042E37E88C290E054292521DECA2365230002BAB50550636907660001E201DA0A9530819F300D06092A864886F70D010101050003818D0030818902818100A702D276014B14A27C675E923EC45F514A161CF7A67D44CCAB2AED6AA1A5DFC541AF7FE80884086C0E93BE5A98D09EEDCBA4B9122F7F9AB4C9DDA0EE784492E2FBF21DEB0DCE987758A01F9F74528C37E5BBB89AF14AA7F907715243E9A0E956BA3FCAD7A7C4E17E6494B1840A2AA9F08F5B0699AD40B798725C2993B08EDE270203010001000000019A0695058204CABE6E6577666163650003E2028582157FE8E7A409464652414E2A25634FDF3ED417EAB0075B2D7FDD89C763C6790004D28E300004DA9631370004E2CE3132372E302E302E310004EAAE36333030310003D2D63231343734383336343700000000 (531 bytes,scope=1,sim=11B5F584)
1426470544.467974 ccnd[3317]: debug.3647 interest_to 0 ccnx:/ccnx/=82157FE8E7A409464652414E2A25634FDF3ED417EAB0075B2D7FDD89C763C679/newface/=048202AA03B2088531E00E5E17E8E2CD2473F780C8D75A03F8347CDB70B51FA98C3DF66DF484F18F7A23C20AF159D0488AF421A83AEE32C9184D5120CF656AB34757201E9ECCA18309B33011997011A7CD0B46716A76A377F3C7A9AABBD7FF004ECD03B9FDA4F71BEA2C6E891F7C1E081F45D5F2354795E64200C0A039947722C8891B4B74294A710000F20001A203E202854BB082A16E5382FBAAA09FBE303E24E042E37E88C290E054292521DECA2365230002BAB50550636907660001E201DA0A9530819F300D06092A864886F70D010101050003818D0030818902818100A702D276014B14A27C675E923EC45F514A161CF7A67D44CCAB2AED6AA1A5DFC541AF7FE80884086C0E93BE5A98D09EEDCBA4B9122F7F9AB4C9DDA0EE784492E2FBF21DEB0DCE987758A01F9F74528C37E5BBB89AF14AA7F907715243E9A0E956BA3FCAD7A7C4E17E6494B1840A2AA9F08F5B0699AD40B798725C2993B08EDE270203010001000000019A0695058204CABE6E6577666163650003E2028582157FE8E7A409464652414E2A25634FDF3ED417EAB0075B2D7FDD89C763C6790004D28E300004DA9631370004E2CE3132372E302E302E310004EAAE36333030310003D2D63231343734383336343700000000 (547 bytes,scope=1,i=2,sim=11B5F584) 82157F-0CF5-0006-9076-FD8819
1426470544.468226 ccnd[3317]: accepted datagram client id=7 (flags=0x41012) 127.0.0.1 port 63001
1426470544.468909 ccnd[3317]: debug.4920 content_from 0 ccnx:/ccnx/=82157FE8E7A409464652414E2A25634FDF3ED417EAB0075B2D7FDD89C763C679/newface/=048202AA03B2088531E00E5E17E8E2CD2473F780C8D75A03F8347CDB70B51FA98C3DF66DF484F18F7A23C20AF159D0488AF421A83AEE32C9184D5120CF656AB34757201E9ECCA18309B33011997011A7CD0B46716A76A377F3C7A9AABBD7FF004ECD03B9FDA4F71BEA2C6E891F7C1E081F45D5F2354795E64200C0A039947722C8891B4B74294A710000F20001A203E202854BB082A16E5382FBAAA09FBE303E24E042E37E88C290E054292521DECA2365230002BAB50550636907660001E201DA0A9530819F300D06092A864886F70D010101050003818D0030818902818100A702D276014B14A27C675E923EC45F514A161CF7A67D44CCAB2AED6AA1A5DFC541AF7FE80884086C0E93BE5A98D09EEDCBA4B9122F7F9AB4C9DDA0EE784492E2FBF21DEB0DCE987758A01F9F74528C37E5BBB89AF14AA7F907715243E9A0E956BA3FCAD7A7C4E17E6494B1840A2AA9F08F5B0699AD40B798725C2993B08EDE270203010001000000019A0695058204CABE6E6577666163650003E2028582157FE8E7A409464652414E2A25634FDF3ED417EAB0075B2D7FDD89C763C6790004D28E300004DA9631370004E2CE3132372E302E302E310004EAAE36333030310003D2D63231343734383336343700000000/=1BA5FA14AB822944EDCDE9F8E66D234FCCAA59C22939A22B459387297AE55583 (980 bytes)
1426470544.469069 ccnd[3317]: debug.1769 content_to 6 ccnx:/ccnx/=82157FE8E7A409464652414E2A25634FDF3ED417EAB0075B2D7FDD89C763C679/newface/=048202AA03B2088531E00E5E17E8E2CD2473F780C8D75A03F8347CDB70B51FA98C3DF66DF484F18F7A23C20AF159D0488AF421A83AEE32C9184D5120CF656AB34757201E9ECCA18309B33011997011A7CD0B46716A76A377F3C7A9AABBD7FF004ECD03B9FDA4F71BEA2C6E891F7C1E081F45D5F2354795E64200C0A039947722C8891B4B74294A710000F20001A203E202854BB082A16E5382FBAAA09FBE303E24E042E37E88C290E054292521DECA2365230002BAB50550636907660001E201DA0A9530819F300D06092A864886F70D010101050003818D0030818902818100A702D276014B14A27C675E923EC45F514A161CF7A67D44CCAB2AED6AA1A5DFC541AF7FE80884086C0E93BE5A98D09EEDCBA4B9122F7F9AB4C9DDA0EE784492E2FBF21DEB0DCE987758A01F9F74528C37E5BBB89AF14AA7F907715243E9A0E956BA3FCAD7A7C4E17E6494B1840A2AA9F08F5B0699AD40B798725C2993B08EDE270203010001000000019A0695058204CABE6E6577666163650003E2028582157FE8E7A409464652414E2A25634FDF3ED417EAB0075B2D7FDD89C763C6790004D28E300004DA9631370004E2CE3132372E302E302E310004EAAE36333030310003D2D63231343734383336343700000000/=1BA5FA14AB822944EDCDE9F8E66D234FCCAA59C22939A22B459387297AE55583 (980 bytes)
1426470544.469890 ccnd[3317]: debug.4503 interest_from 6 ccnx:/ccnx/=82157FE8E7A409464652414E2A25634FDF3ED417EAB0075B2D7FDD89C763C679/prefixreg/=048202AA03B20885560C0B3823A1B36A294A957877A926EB70859B1FDE25E22B997D26A5673796F57036830965A01B4818AB8806DA015EBE9EF7469BE79D2F3AFE0A73DA705252530A58335A9346B223517956B07DD6A248250ABBB658045A1ACF9877FD77D3739AAAA025247E493F67507B492A028B122EBC9CED8ACA4F1C61B5150EC34F6490930000F20001A203E202854BB082A16E5382FBAAA09FBE303E24E042E37E88C290E054292521DECA2365230002BAB50550636907820001E201DA0A9530819F300D06092A864886F70D010101050003818D0030818902818100A702D276014B14A27C675E923EC45F514A161CF7A67D44CCAB2AED6AA1A5DFC541AF7FE80884086C0E93BE5A98D09EEDCBA4B9122F7F9AB4C9DDA0EE784492E2FBF21DEB0DCE987758A01F9F74528C37E5BBB89AF14AA7F907715243E9A0E956BA3FCAD7A7C4E17E6494B1840A2AA9F08F5B0699AD40B798725C2993B08EDE270203010001000000019A04D5058A04CACE70726566697872656700F20003E2028582157FE8E7A409464652414E2A25634FDF3ED417EAB0075B2D7FDD89C763C6790004D28E370003D2D63231343734383336343700000000 (509 bytes,scope=1,sim=4183888A)
1426470544.474222 ccnd[3317]: debug.3647 interest_to 0 ccnx:/ccnx/=82157FE8E7A409464652414E2A25634FDF3ED417EAB0075B2D7FDD89C763C679/prefixreg/=048202AA03B20885560C0B3823A1B36A294A957877A926EB70859B1FDE25E22B997D26A5673796F57036830965A01B4818AB8806DA015EBE9EF7469BE79D2F3AFE0A73DA705252530A58335A9346B223517956B07DD6A248250ABBB658045A1ACF9877FD77D3739AAAA025247E493F67507B492A028B122EBC9CED8ACA4F1C61B5150EC34F6490930000F20001A203E202854BB082A16E5382FBAAA09FBE303E24E042E37E88C290E054292521DECA2365230002BAB50550636907820001E201DA0A9530819F300D06092A864886F70D010101050003818D0030818902818100A702D276014B14A27C675E923EC45F514A161CF7A67D44CCAB2AED6AA1A5DFC541AF7FE80884086C0E93BE5A98D09EEDCBA4B9122F7F9AB4C9DDA0EE784492E2FBF21DEB0DCE987758A01F9F74528C37E5BBB89AF14AA7F907715243E9A0E956BA3FCAD7A7C4E17E6494B1840A2AA9F08F5B0699AD40B798725C2993B08EDE270203010001000000019A04D5058A04CACE70726566697872656700F20003E2028582157FE8E7A409464652414E2A25634FDF3ED417EAB0075B2D7FDD89C763C6790004D28E370003D2D63231343734383336343700000000 (525 bytes,scope=1,i=3,sim=4183888A) 82157F-0CF5-0006-9078-DE3E89
1426470544.474376 ccnd[3317]: debug.2659 prefix,ff=3 7 ccnx:/ (2 bytes)
1426470544.475043 ccnd[3317]: debug.4920 content_from 0 ccnx:/ccnx/=82157FE8E7A409464652414E2A25634FDF3ED417EAB0075B2D7FDD89C763C679/prefixreg/=048202AA03B20885560C0B3823A1B36A294A957877A926EB70859B1FDE25E22B997D26A5673796F57036830965A01B4818AB8806DA015EBE9EF7469BE79D2F3AFE0A73DA705252530A58335A9346B223517956B07DD6A248250ABBB658045A1ACF9877FD77D3739AAAA025247E493F67507B492A028B122EBC9CED8ACA4F1C61B5150EC34F6490930000F20001A203E202854BB082A16E5382FBAAA09FBE303E24E042E37E88C290E054292521DECA2365230002BAB50550636907820001E201DA0A9530819F300D06092A864886F70D010101050003818D0030818902818100A702D276014B14A27C675E923EC45F514A161CF7A67D44CCAB2AED6AA1A5DFC541AF7FE80884086C0E93BE5A98D09EEDCBA4B9122F7F9AB4C9DDA0EE784492E2FBF21DEB0DCE987758A01F9F74528C37E5BBB89AF14AA7F907715243E9A0E956BA3FCAD7A7C4E17E6494B1840A2AA9F08F5B0699AD40B798725C2993B08EDE270203010001000000019A04D5058A04CACE70726566697872656700F20003E2028582157FE8E7A409464652414E2A25634FDF3ED417EAB0075B2D7FDD89C763C6790004D28E370003D2D63231343734383336343700000000/=FE9E8E487BD4EFB85D01F7432CDCCD1A0C076F43DB4C86DFFEC6EFDCE854B8BC (941 bytes)
1426470544.475200 ccnd[3317]: debug.1769 content_to 6 ccnx:/ccnx/=82157FE8E7A409464652414E2A25634FDF3ED417EAB0075B2D7FDD89C763C679/prefixreg/=048202AA03B20885560C0B3823A1B36A294A957877A926EB70859B1FDE25E22B997D26A5673796F57036830965A01B4818AB8806DA015EBE9EF7469BE79D2F3AFE0A73DA705252530A58335A9346B223517956B07DD6A248250ABBB658045A1ACF9877FD77D3739AAAA025247E493F67507B492A028B122EBC9CED8ACA4F1C61B5150EC34F6490930000F20001A203E202854BB082A16E5382FBAAA09FBE303E24E042E37E88C290E054292521DECA2365230002BAB50550636907820001E201DA0A9530819F300D06092A864886F70D010101050003818D0030818902818100A702D276014B14A27C675E923EC45F514A161CF7A67D44CCAB2AED6AA1A5DFC541AF7FE80884086C0E93BE5A98D09EEDCBA4B9122F7F9AB4C9DDA0EE784492E2FBF21DEB0DCE987758A01F9F74528C37E5BBB89AF14AA7F907715243E9A0E956BA3FCAD7A7C4E17E6494B1840A2AA9F08F5B0699AD40B798725C2993B08EDE270203010001000000019A04D5058A04CACE70726566697872656700F20003E2028582157FE8E7A409464652414E2A25634FDF3ED417EAB0075B2D7FDD89C763C6790004D28E370003D2D63231343734383336343700000000/=FE9E8E487BD4EFB85D01F7432CDCCD1A0C076F43DB4C86DFFEC6EFDCE854B8BC (941 bytes)
1426470544.475580 ccnd[3317]: shutdown client fd=8 id=6
1426470544.475628 ccnd[3317]: releasing face id 6 (slot 6)
1426470544.489820 ccnd[3317]: accepted client fd=8 id=8
1426470544.490478 ccnd[3317]: shutdown client fd=8 id=8
1426470544.490516 ccnd[3317]: recycling face id 8 (slot 8)
1426470544.502443 ccnd[3317]: debug.4503 interest_from 7 ccnx:/test (28 bytes,sim=06FAFE17) 701F1A-0CF7-0008-907E-CB586E
1426470544.502545 ccnd[3317]: debug.4503 interest_from 7 ccnx:/%C1.M.S.neighborhood/%C1.M.SRV/ccnd/KEY (55 bytes,scope=2,sim=13E6DFC8)
1426470544.506751 ccnd[3317]: debug.3647 interest_to 0 ccnx:/%C1.M.S.neighborhood/%C1.M.SRV/ccnd/KEY (71 bytes,scope=2,i=5,sim=13E6DFC8) 82157F-0CF5-0007-9080-81EAB6
1426470544.507858 ccnd[3317]: debug.4920 content_from 0 ccnx:/%C1.M.S.neighborhood/%C1.M.SRV/ccnd/KEY/%C1.M.K=0082157FE8E7A409464652414E2A25634FDF3ED417EAB0075B2D7FDD89C763C679/=FD0550636905AA/=00/l=AB8BBB90E683A95EA429CC251D35FD6BCD5F7E8EDF11ABCD3E292C851BE074 (581 bytes)
1426470544.507932 ccnd[3317]: debug.1769 content_to 7 ccnx:/%C1.M.S.neighborhood/%C1.M.SRV/ccnd/KEY/%C1.M.K=0082157FE8E7A409464652414E2A25634FDF3ED417EAB0075B2D7FDD89C763C679/=FD0550636905AA/=00/l=AB8BBB90E683A95EA429CC251D35FD6BCD5F7E8EDF11ABCD3E292C851BE074 (581 bytes)
1426470544.570053 ccnd[3317]: debug.4503 interest_from 7 ccnx:/test (116 bytes,aok=0x1,sim=74F0D710,e=[long,ccnls,happy,extopt,locotcp,child_selector,test_new_provider]) 701F1A-0CF7-0008-9085-534461
1426470544.688438 ccnd[3317]: ic.491 adjstate 7 s........... 0x21412
1426470544.688548 ccnd[3317]: debug.4503 interest_from 0 ccnx:/%C1.M.FACE (84 bytes,aok=0,scope=2,sim=2F60B451,e=[*,%C1.M.G=0000182B99F7BC17000000000000,%C1.M.G=0000182B99F7BC17FFFFFFFFFFFF,*])
1426470544.692837 ccnd[3317]: debug.3647 interest_to 7 ccnx:/%C1.M.FACE (95 bytes,aok=0,scope=2,i=7,sim=2F60B451,e=[*,%C1.M.G=0000182B99F7BC17000000000000,%C1.M.G=0000182B99F7BC17FFFFFFFFFFFF,*]) 82157F-0CF5-0000-90B0-DF23E8
1426470544.756929 ccnd[3317]: debug.4503 interest_from 7 ccnx:/%C1.M.FACE (95 bytes,aok=0,scope=2,sim=4B7926BC,e=[*,%C1.M.G=0000D6F3818F3EBC000000000000,%C1.M.G=0000D6F3818F3EBCFFFFFFFFFFFF,*]) E09DBB-0CF3-0000-90B3-B784B3
1426470544.761241 ccnd[3317]: debug.3647 interest_to 0 ccnx:/%C1.M.FACE (95 bytes,aok=0,scope=2,i=8,sim=4B7926BC,e=[*,%C1.M.G=0000D6F3818F3EBC000000000000,%C1.M.G=0000D6F3818F3EBCFFFFFFFFFFFF,*]) E09DBB-0CF3-0000-90B3-B784B3
1426470545.593884 ccnd[3317]: debug.4503 interest_from 7 ccnx:/test/long/jot/578 (58 bytes,c=0:1,life=0.1250,sim=0D7F4785) 701F1A-0CF7-0009-9197-BD30D5
1426470545.593934 ccnd[3317]: debug.4503 interest_from 7 ccnx:/test/long/jot/579 (58 bytes,c=0:1,life=0.1250,sim=ECC9D1C9) 701F1A-0CF7-0009-9197-5E15CE
1426470545.593964 ccnd[3317]: debug.4503 interest_from 7 ccnx:/test/long/jot/580 (58 bytes,c=0:1,life=0.1250,sim=A0EA6F90) 701F1A-0CF7-0009-9197-FB0C44
1426470545.593990 ccnd[3317]: debug.4503 interest_from 7 ccnx:/test/long/jot/581 (58 bytes,c=0:1,life=0.1250,sim=9799283D) 701F1A-0CF7-0009-9197-717A9D
1426470545.594968 ccnd[3317]: debug.4503 interest_from 7 ccnx:/test/long/jot/576 (58 bytes,c=0:1,life=0.1250,sim=2311137D) 701F1A-0CF7-0009-9197-9CC22A
1426470545.595008 ccnd[3317]: debug.4503 interest_from 7 ccnx:/test/long/jot/577 (58 bytes,c=0:1,life=0.1250,sim=662569A5) 701F1A-0CF7-0009-9197-2D1B27
1426470545.596072 ccnd[3317]: debug.4503 interest_from 7 ccnx:/test/long/jot/582 (58 bytes,c=0:1,life=0.1250,sim=ACA46ED0) 701F1A-0CF7-0009-9197-62E250
1426470545.694152 ccnd[3317]: debug.4503 interest_from 7 ccnx:/5273add504059a3e0797c95402b44bc6208c68d3 (109 bytes,aok=0x1,sim=E3BF1884,e=[F=90F14ABC713E5A18C4D49E8BCB564C9F07CAD41200A6F8EEBD96F9F16CB253]) 8893C8-0B47-004B-91A0-13A2AD
1426470545.719429 ccnd[3317]: debug.3761 interest_expiry 7 ccnx:/test/long/jot/578 (36 bytes,c=0:1,i=9,sim=0D7F4785)
1426470545.719507 ccnd[3317]: debug.3761 interest_expiry 7 ccnx:/test/long/jot/579 (36 bytes,c=0:1,i=10,sim=ECC9D1C9)
1426470545.719549 ccnd[3317]: debug.3761 interest_expiry 7 ccnx:/test/long/jot/580 (36 bytes,c=0:1,i=11,sim=A0EA6F90)
1426470545.719577 ccnd[3317]: debug.3761 interest_expiry 7 ccnx:/test/long/jot/581 (36 bytes,c=0:1,i=12,sim=9799283D)
1426470545.720749 ccnd[3317]: debug.3761 interest_expiry 7 ccnx:/test/long/jot/576 (36 bytes,c=0:1,i=13,sim=2311137D)
1426470545.720797 ccnd[3317]: debug.3761 interest_expiry 7 ccnx:/test/long/jot/577 (36 bytes,c=0:1,i=14,sim=662569A5)
1426470545.721962 ccnd[3317]: debug.3761 interest_expiry 7 ccnx:/test/long/jot/582 (36 bytes,c=0:1,i=15,sim=ACA46ED0)
1426470547.682635 ccnd[3317]: accepted client fd=8 id=8
1426470547.682760 ccnd[3317]: CCND_DEBUG=71
1426470547.000000 ccnd[3317]: 63003 ____________________ Mon Mar 16 09:49:07 2015
1426470547.682795 ccnd[3317]: shutdown client fd=8 id=8
1426470547.682961 ccnd[3317]: recycling face id 8 (slot 8)
1426470547.684933 ccnd[3317]: accepted client fd=8 id=8
1426470547.690636 ccnd[3317]: debug.4920 content_from 8 ccnx:/test_scope2_ARRLNmgK0wfqF0H_/scope2/stuff/=837B060DC9ECAD3E1B7C41EC2D9C3B7B50D8761AB8B030D0564E3EE26CDE305A (413 bytes)
1426470547.690688 ccnd[3317]: shutdown client fd=8 id=8
1426470547.690701 ccnd[3317]: releasing face id 8 (slot 8)
1426470548.196946 ccnd[3317]: debug.4503 interest_from 7 ccnx:/test_scope2_ARRLNmgK0wfqF0H_/scope2 (67 bytes,scope=2,sim=1A23AE67) E09DBB-0CF3-000C-9432-36FF67
1426470548.197019 ccnd[3317]: debug.1769 content_to 7 ccnx:/test_scope2_ARRLNmgK0wfqF0H_/scope2/stuff/=837B060DC9ECAD3E1B7C41EC2D9C3B7B50D8761AB8B030D0564E3EE26CDE305A (413 bytes)
1426470548.502987 ccnd[3317]: debug.3761 interest_expiry 7 ccnx:/test (12 bytes,i=4,sim=06FAFE17)
1426470548.570316 ccnd[3317]: debug.3761 interest_expiry 7 ccnx:/test (100 bytes,aok=0x1,i=6,sim=74F0D710,e=[long,ccnls,happy,extopt,locotcp,child_selector,test_new_provider])
1426470548.688520 ccnd[3317]: ic.809 adjstate 7 ........T... 0x21412
1426470548.689775 ccnd[3317]: debug.3761 interest_expiry 0 ccnx:/%C1.M.FACE (79 bytes,aok=0,scope=2,i=7,sim=2F60B451,e=[*,%C1.M.G=0000182B99F7BC17000000000000,%C1.M.G=0000182B99F7BC17FFFFFFFFFFFF,*])
1426470548.757224 ccnd[3317]: debug.3761 interest_expiry 7 ccnx:/%C1.M.FACE (79 bytes,aok=0,scope=2,i=8,sim=4B7926BC,e=[*,%C1.M.G=0000D6F3818F3EBC000000000000,%C1.M.G=0000D6F3818F3EBCFFFFFFFFFFFF,*])
1426470549.695349 ccnd[3317]: debug.3761 interest_expiry 7 ccnx:/5273add504059a3e0797c95402b44bc6208c68d3 (93 bytes,aok=0x1,i=16,sim=E3BF1884,e=[F=90F14ABC713E5A18C4D49E8BCB564C9F07CAD41200A6F8EEBD96F9F16CB253])
1426470550.588410 ccnd[3317]: accepted client fd=8 id=9
1426470550.590073 ccnd[3317]: accepted client fd=9 id=10
1426470550.590103 ccnd[3317]: stopping (/tmp/.ccnd.sock.63003 gone)
1426470550.590110 ccnd[3317]: exiting.
1426470550.590124 ccnd[3317]: closing fd 3 while finalizing face 1
1426470550.590130 ccnd[3317]: releasing face id 1 (slot 1)
1426470550.590143 ccnd[3317]: closing fd 5 while finalizing face 3
1426470550.590149 ccnd[3317]: releasing face id 3 (slot 3)
1426470550.590160 ccnd[3317]: closing fd 7 while finalizing face 5
1426470550.590165 ccnd[3317]: releasing face id 5 (slot 5)
1426470550.590176 ccnd[3317]: closing fd 4 while finalizing face 2
1426470550.590182 ccnd[3317]: releasing face id 2 (slot 2)
1426470550.590192 ccnd[3317]: closing fd 6 while finalizing face 4
1426470550.590197 ccnd[3317]: releasing face id 4 (slot 4)
1426470550.590249 ccnd[3317]: releasing face id 7 (slot 7)
1426470550.590279 ccnd[3317]: closing fd 8 while finalizing face 9
1426470550.590290 ccnd[3317]: releasing face id 9 (slot 9)
1426470550.590318 ccnd[3317]: closing fd 9 while finalizing face 10
1426470550.000000 ccnd[3317]: 63003 ____________________ Mon Mar 16 09:49:10 2015
1426470550.590328 ccnd[3317]: recycling face id 10 (slot 10)
