cOA=A2913772786A0684FFF687EAC4890D644221AA9C93985ABCD956E2459B [verified]
